// Vitest Snapshot v1, https://vitest.dev/guide/snapshot.html

exports[`Checkbox snapshot 1`] = `
<div
  className="flex flex-col gap-2 sm:min-w-min min-w-0"
>
  <div
    className="flex gap-2 items-center"
  >
    <input
      className="sm:min-w-min min-w-0 h-4 w-4"
      id="checkbox"
      name="checkbox"
      onChange={[Function]}
      type="checkbox"
    />
  </div>
</div>
`;
