// Vitest Snapshot v1, https://vitest.dev/guide/snapshot.html

exports[`StatusBadge snapshot - open state 1`] = `
<div
  aria-labelledby="modal-title"
  aria-modal="true"
  className="fixed z-40 inset-0 overflow-y-auto"
  role="dialog"
>
  <div
    className="flex items-end justify-center min-h-screen pt-4 px-4 pb-20 text-center sm:block sm:p-0"
  >
    <div
      aria-hidden="true"
      className="fixed inset-0 bg-white bg-opacity-80 transition-opacity"
      onClick={[Function]}
    />
    <span
      aria-hidden="true"
      className="hidden sm:inline-block sm:align-middle sm:h-screen"
    >
      â€‹
    </span>
    <div
      className="inline-block align-bottom bg-background-hl text-tertiary rounded-lg text-left overflow-hidden shadow-xl transform transition-all max-w-[95%] sm:my-8 sm:align-middle"
    >
      <div
        className="bg-background text-tertiary px-4 pt-5 pb-4 sm:p-6 sm:pb-4"
      >
        <div
          className="flex flex-col gap-4 p-4 rounded-2xl bg-background max-w-3xl"
        >
          <h2>
            Voulez-vous vraiment supprimer ce post ?
          </h2>
          <div
            className="flex gap-8 justify-center"
          >
            <button
              className="rounded-3xl px-16 py-3 font-semibold text-base transition duration-200 flex items-center justify-center text-tertiary bg-secondary hover:bg-secondary-hover disabled:bg-secondary-disabled disabled: text-secondary undefined"
              onClick={[Function]}
              type="button"
            >
              Annuler
            </button>
            <button
              className="rounded-3xl px-16 py-3 font-semibold text-base transition duration-200 flex items-center justify-center text-white bg-primary hover:bg-primary-hover disabled:bg-primary-disabled undefined"
              onClick={[Function]}
              type="button"
            >
              Oui
            </button>
          </div>
        </div>
      </div>
    </div>
  </div>
</div>
`;
