// Vitest Snapshot v1, https://vitest.dev/guide/snapshot.html

exports[`ChatBox snapshot 1`] = `
<div
  className="flex flex-row gap-4"
>
  <div
    className="relative flex flex-col gap-4"
  >
    <button
      className="py-3 px-4 flex flex-row gap-2 items-center rounded-xl transition hover:bg-secondary hover:shadow-lg duration-300 ease-in-out"
      onClick={[Function]}
      type="button"
    >
      <span
        className="text-lg font-medium text-tertiary"
      >
        Filtres
      </span>
      <svg
        aria-hidden={true}
        className="MuiSvgIcon-root MuiSvgIcon-fontSizeMedium text-tertiary css-i4bv87-MuiSvgIcon-root"
        data-testid="FilterAltIcon"
        focusable="false"
        viewBox="0 0 24 24"
      >
        <path
          d="M4.25 5.61C6.27 8.2 10 13 10 13v6c0 .55.45 1 1 1h2c.55 0 1-.45 1-1v-6s3.72-4.8 5.74-7.39c.51-.66.04-1.61-.79-1.61H5.04c-.83 0-1.3.95-.79 1.61z"
        />
      </svg>
    </button>
  </div>
  <div
    className="relative flex flex-col gap-4"
  >
    <button
      className="py-3 px-4 flex flex-row gap-2 items-center rounded-xl transition hover:bg-secondary hover:shadow-lg duration-300 ease-in-out"
      id="sortButton"
      onClick={[Function]}
      type="button"
    >
      <span
        className="text-lg font-medium text-tertiary"
      >
        Trier
      </span>
      <svg
        aria-hidden={true}
        className="MuiSvgIcon-root MuiSvgIcon-fontSizeMedium text-tertiary css-i4bv87-MuiSvgIcon-root"
        data-testid="SortIcon"
        focusable="false"
        viewBox="0 0 24 24"
      >
        <path
          d="M3 18h6v-2H3v2zM3 6v2h18V6H3zm0 7h12v-2H3v2z"
        />
      </svg>
    </button>
  </div>
</div>
`;
