// Vitest Snapshot v1, https://vitest.dev/guide/snapshot.html

exports[`Gallery snapshot 1`] = `
<div>
  <div
    className="flex justify-center"
  >
    <label
      className="text-6xl font-extrabold mt-7"
    >
      <span
        className="text-primary cursor-default"
      >
        Leon
      </span>
      <span
        className="text-tertiary cursor-default"
      >
        '
        Art
      </span>
    </label>
    <a
      href="https://test.com"
    >
      <button
        className="absolute mt-9 right-7 rounded-[30px] shadow-md px-4 py-3 border border-secondary text-xl font-extrabold text-primary cursor-pointer hover:bg-secondary-hover hover:scale-105 transition-transform ease-out"
      >
        Test
      </button>
    </a>
  </div>
  <div
    className="flex justify-evenly mt-10"
  >
    <label
      className="text-4xl font-bold text-tertiary"
    >
      Artistes
    </label>
    <label
      className="text-4xl font-bold text-tertiary"
    >
      Cat√©gories
    </label>
    <label
      className="text-4xl font-bold text-tertiary"
    >
      Support
    </label>
    <label
      className="text-4xl font-bold text-tertiary"
    >
      Couleurs
    </label>
  </div>
  <div
    className="flex justify-center pb-10"
  >
    <div
      className="bg-background grid grid-cols-4 gap-8 place-items-center justify-center py-4 px-4"
    />
  </div>
</div>
`;
