// Vitest Snapshot v1, https://vitest.dev/guide/snapshot.html

exports[`IconLabel snapshot 1`] = `
<div
  className="flex gap-8 items-center align-middle h-12"
>
  <svg
    aria-hidden={true}
    className="MuiSvgIcon-root MuiSvgIcon-fontSizeMedium text-inherit css-i4bv87-MuiSvgIcon-root"
    data-testid="UpcomingIcon"
    focusable="false"
    style={
      {
        "fontSize": 48,
      }
    }
    viewBox="0 0 24 24"
  >
    <path
      d="m21.16 7.26-1.41-1.41-3.56 3.55 1.41 1.41s3.45-3.52 3.56-3.55zM11 3h2v5h-2zm-4.6 7.81L7.81 9.4 4.26 5.84 2.84 7.26c.11.03 3.56 3.55 3.56 3.55zM20 12h-5c0 1.66-1.34 3-3 3s-3-1.34-3-3H4c-1.1 0-2 .9-2 2v5c0 1.1.9 2 2 2h16c1.1 0 2-.9 2-2v-5c0-1.1-.9-2-2-2z"
    />
  </svg>
  <span
    className="font-medium text-xl text-inherit"
  >
    test
  </span>
</div>
`;
