// Vitest Snapshot v1, https://vitest.dev/guide/snapshot.html

exports[`LoadingPage snapshot 1`] = `
<div
  className="flex items-center justify-center h-screen w-screen text-tertiary"
>
  <div
    className="text-center"
  >
    <h1
      className="text-xl font-bold mb-4"
    >
      Chargement
    </h1>
    <span
      className="MuiCircularProgress-root MuiCircularProgress-indeterminate MuiCircularProgress-colorPrimary css-18lrjg1-MuiCircularProgress-root"
      role="progressbar"
      style={
        {
          "height": 50,
          "width": 50,
        }
      }
    >
      <svg
        className="MuiCircularProgress-svg css-1idz92c-MuiCircularProgress-svg"
        viewBox="22 22 44 44"
      >
        <circle
          className="MuiCircularProgress-circle MuiCircularProgress-circleIndeterminate css-176wh8e-MuiCircularProgress-circle"
          cx={44}
          cy={44}
          fill="none"
          r={20}
          strokeWidth={4}
          style={{}}
        />
      </svg>
    </span>
  </div>
</div>
`;
