// Vitest Snapshot v1, https://vitest.dev/guide/snapshot.html

exports[`ChatBox snapshot 1`] = `
<div
  className="flex flex-col h-full w-full"
>
  <div
    className="flex flex-row w-full"
    style={
      {
        "height": "calc(100% - 6rem)",
      }
    }
  >
    <div
      className="flex flex-col h-full w-full"
    >
      <div
        className="flex flex-col h-full w-full overflow-y-auto gap-4"
        dir="btt"
      />
      <form
        className="flex justify-center items-end w-full gap-4 px-6 pb-6 pt-2 xl:px-10 xl:pb-6 xl:pt-2"
        onSubmit={[Function]}
      >
        <textarea
          className="text-tertiary w-full bg-background-inputfield outline-none placeholder:text-tertiary placeholder:opacity-50 resize-y overflow-y-auto rounded-3xl px-8 py-4"
          onChange={[Function]}
          onKeyDown={[Function]}
          placeholder="Votre message..."
          style={
            {
              "height": "3.5rem",
              "maxHeight": "14rem",
              "minHeight": "3.5rem",
            }
          }
          value=""
        />
        <button
          className="bg-quaternary-hover p-3 rounded-full text-center"
          type="submit"
        >
          <svg
            aria-hidden={true}
            className="MuiSvgIcon-root MuiSvgIcon-fontSizeMedium h-7 w-7 fill-quaternary css-i4bv87-MuiSvgIcon-root"
            data-testid="SendIcon"
            focusable="false"
            viewBox="0 0 24 24"
          >
            <path
              d="M2.01 21 23 12 2.01 3 2 10l15 2-15 2z"
            />
          </svg>
        </button>
      </form>
    </div>
  </div>
</div>
`;
