// Vitest Snapshot v1, https://vitest.dev/guide/snapshot.html

exports[`PointsPosition 0 point snapshot 1`] = `
<div
  className="flex gap-1"
/>
`;

exports[`PointsPosition snapshot 1`] = `
<div
  className="flex gap-1"
>
  <svg
    aria-hidden={true}
    className="MuiSvgIcon-root MuiSvgIcon-fontSizeMedium text-secondary-disabled css-i4bv87-MuiSvgIcon-root"
    data-testid="CircleIcon"
    focusable="false"
    style={
      {
        "fontSize": 12,
      }
    }
    viewBox="0 0 24 24"
  >
    <path
      d="M12 2C6.47 2 2 6.47 2 12s4.47 10 10 10 10-4.47 10-10S17.53 2 12 2z"
    />
  </svg>
  <svg
    aria-hidden={true}
    className="MuiSvgIcon-root MuiSvgIcon-fontSizeMedium text-secondary-disabled css-i4bv87-MuiSvgIcon-root"
    data-testid="CircleIcon"
    focusable="false"
    style={
      {
        "fontSize": 12,
      }
    }
    viewBox="0 0 24 24"
  >
    <path
      d="M12 2C6.47 2 2 6.47 2 12s4.47 10 10 10 10-4.47 10-10S17.53 2 12 2z"
    />
  </svg>
  <svg
    aria-hidden={true}
    className="MuiSvgIcon-root MuiSvgIcon-fontSizeMedium text-secondary-disabled css-i4bv87-MuiSvgIcon-root"
    data-testid="CircleIcon"
    focusable="false"
    style={
      {
        "fontSize": 12,
      }
    }
    viewBox="0 0 24 24"
  >
    <path
      d="M12 2C6.47 2 2 6.47 2 12s4.47 10 10 10 10-4.47 10-10S17.53 2 12 2z"
    />
  </svg>
  <svg
    aria-hidden={true}
    className="MuiSvgIcon-root MuiSvgIcon-fontSizeMedium text-secondary-disabled css-i4bv87-MuiSvgIcon-root"
    data-testid="CircleIcon"
    focusable="false"
    style={
      {
        "fontSize": 12,
      }
    }
    viewBox="0 0 24 24"
  >
    <path
      d="M12 2C6.47 2 2 6.47 2 12s4.47 10 10 10 10-4.47 10-10S17.53 2 12 2z"
    />
  </svg>
  <svg
    aria-hidden={true}
    className="MuiSvgIcon-root MuiSvgIcon-fontSizeMedium text-primary css-i4bv87-MuiSvgIcon-root"
    data-testid="CircleTwoToneIcon"
    focusable="false"
    style={
      {
        "fontSize": 12,
      }
    }
    viewBox="0 0 24 24"
  >
    <circle
      cx="12"
      cy="12"
      opacity=".3"
      r="8"
    />
    <path
      d="M12 2C6.47 2 2 6.47 2 12s4.47 10 10 10 10-4.47 10-10S17.53 2 12 2zm0 18c-4.42 0-8-3.58-8-8s3.58-8 8-8 8 3.58 8 8-3.58 8-8 8z"
    />
  </svg>
  <svg
    aria-hidden={true}
    className="MuiSvgIcon-root MuiSvgIcon-fontSizeMedium text-secondary-disabled css-i4bv87-MuiSvgIcon-root"
    data-testid="CircleIcon"
    focusable="false"
    style={
      {
        "fontSize": 12,
      }
    }
    viewBox="0 0 24 24"
  >
    <path
      d="M12 2C6.47 2 2 6.47 2 12s4.47 10 10 10 10-4.47 10-10S17.53 2 12 2z"
    />
  </svg>
  <svg
    aria-hidden={true}
    className="MuiSvgIcon-root MuiSvgIcon-fontSizeMedium text-secondary-disabled css-i4bv87-MuiSvgIcon-root"
    data-testid="CircleIcon"
    focusable="false"
    style={
      {
        "fontSize": 12,
      }
    }
    viewBox="0 0 24 24"
  >
    <path
      d="M12 2C6.47 2 2 6.47 2 12s4.47 10 10 10 10-4.47 10-10S17.53 2 12 2z"
    />
  </svg>
  <svg
    aria-hidden={true}
    className="MuiSvgIcon-root MuiSvgIcon-fontSizeMedium text-secondary-disabled css-i4bv87-MuiSvgIcon-root"
    data-testid="CircleIcon"
    focusable="false"
    style={
      {
        "fontSize": 12,
      }
    }
    viewBox="0 0 24 24"
  >
    <path
      d="M12 2C6.47 2 2 6.47 2 12s4.47 10 10 10 10-4.47 10-10S17.53 2 12 2z"
    />
  </svg>
  <svg
    aria-hidden={true}
    className="MuiSvgIcon-root MuiSvgIcon-fontSizeMedium text-secondary-disabled css-i4bv87-MuiSvgIcon-root"
    data-testid="CircleIcon"
    focusable="false"
    style={
      {
        "fontSize": 12,
      }
    }
    viewBox="0 0 24 24"
  >
    <path
      d="M12 2C6.47 2 2 6.47 2 12s4.47 10 10 10 10-4.47 10-10S17.53 2 12 2z"
    />
  </svg>
  <svg
    aria-hidden={true}
    className="MuiSvgIcon-root MuiSvgIcon-fontSizeMedium text-secondary-disabled css-i4bv87-MuiSvgIcon-root"
    data-testid="CircleIcon"
    focusable="false"
    style={
      {
        "fontSize": 12,
      }
    }
    viewBox="0 0 24 24"
  >
    <path
      d="M12 2C6.47 2 2 6.47 2 12s4.47 10 10 10 10-4.47 10-10S17.53 2 12 2z"
    />
  </svg>
</div>
`;
