// Vitest Snapshot v1, https://vitest.dev/guide/snapshot.html

exports[`QuizzStarter snapshot 1`] = `
[
  <div
    className="flex flex-col pt-10 gap-20"
  >
    <span
      className="text-5xl font-bold mx-32 text-center whitespace-nowrap"
    >
      Bienvenue !
    </span>
    <span
      className="text-3xl font-semibold px-32"
    >
      Avec Leon’Art, vous souhaitez...
    </span>
    <div
      className="flex lg:flex-wrap flex-col lg:flex-row items-center gap-x-10 gap-y-5 px-8 lg:px-0 select-none"
    >
      <span
        className="px-6 py-4 rounded-[60px] cursor-pointer hover:bg-[#fca199] hover:text-white bg-[#F4F4F4] text-black"
        id="name-0"
        onClick={[Function]}
      >
        <span
          className="text-lg"
        >
          Découvrir oeuvres d’art
        </span>
      </span>
      <span
        className="px-6 py-4 rounded-[60px] cursor-pointer hover:bg-[#fca199] hover:text-white bg-[#F4F4F4] text-black"
        id="name-1"
        onClick={[Function]}
      >
        <span
          className="text-lg"
        >
          Vendre mes oeuvres d’art
        </span>
      </span>
      <span
        className="px-6 py-4 rounded-[60px] cursor-pointer hover:bg-[#fca199] hover:text-white bg-[#F4F4F4] text-black"
        id="name-2"
        onClick={[Function]}
      >
        <span
          className="text-lg"
        >
          Les deux !
        </span>
      </span>
    </div>
  </div>,
  <div
    className="flex items-baseline justify-center flex-row my-10 lg:mt-24 w-full select-none"
  >
    <button
      className="py-3 px-16 rounded-[30px] shadow-lg bg-[#E11C0A] text-white mt-10 hover:bg-[#c51708] disabled:bg-gray-300"
      disabled={true}
      name="start"
      onClick={[Function]}
    >
      <span
        className="cursor-pointer"
      >
        Commencer
      </span>
    </button>
  </div>,
]
`;
