// Vitest Snapshot v1, https://vitest.dev/guide/snapshot.html

exports[`SelectSubOptions snapshot 1`] = `
<div
  className="flex flex-col"
>
  <button
    className="flex flex-row justify-between bg-secondary items-center px-6 py-4 rounded-t rounded-b"
    onClick={[Function]}
    type="button"
  >
    <span
      className="text-lg text-tertiary-hover"
    />
    <svg
      aria-hidden={true}
      className="MuiSvgIcon-root MuiSvgIcon-fontSizeMedium css-i4bv87-MuiSvgIcon-root"
      data-testid="ExpandMoreIcon"
      focusable="false"
      viewBox="0 0 24 24"
    >
      <path
        d="M16.59 8.59 12 13.17 7.41 8.59 6 10l6 6 6-6z"
      />
    </svg>
  </button>
  <div
    className="flex flex-col gap-2 bg-secondary rounded-b"
  />
</div>
`;
